
Allocating common symbols
Common symbol       size              file

netbufpool          0x4               binaries/net.o
readylist           0x2               binaries/ready.o
rfltab              0x5a0             binaries/rflinit.o
netportseed         0x8               binaries/net.o
sleepq              0x2               binaries/clkinit.o
nnames              0x4               binaries/naminit.o
prC                 0x4               binaries/main.o
udptab              0x168             binaries/udp.o
minheap             0x4               binaries/meminit.o
marks               0x50              binaries/mark.o
currpid             0x4               binaries/initialize.o
Lf_data             0x20c             binaries/lfsinit.o
porttab             0x2d0             binaries/ptinit.o
girmask             0x2               binaries/evec.o
ttytab              0x110             binaries/ttyinit.o
proctab             0x1db0            binaries/initialize.o
prcount             0x4               binaries/initialize.o
lfltab              0xf00             binaries/lflinit.o
prA                 0x4               binaries/main.o
rdstab              0x8c              binaries/rdsinit.o
ethertab            0x130             binaries/ethinit.o
prD                 0x4               binaries/main.o
NetData             0xb0              binaries/net.o
total_tickets       0x4               binaries/initialize.o
nmarks              0x4               binaries/mark.o
initsp              0x4               binaries/i386.o
Defer               0x8               binaries/resched.o
semtab              0x4b0             binaries/initialize.o
maxheap             0x4               binaries/meminit.o
preempt             0x4               binaries/clkinit.o
buftab              0xf0              binaries/bufinit.o
Rf_data             0x18              binaries/rfsinit.o
mkmutex             0x4               binaries/mark.o
ctr1000             0x4               binaries/clkinit.o
clktime             0x4               binaries/clkinit.o
arpcache            0x140             binaries/arp.o
icmptab             0x230             binaries/icmp.o
nbpools             0x4               binaries/bufinit.o
queuetab            0x990             binaries/queue.o
ptnextid            0x4               binaries/ptinit.o
Ram                 0x19000           binaries/raminit.o
ipoqueue            0x2c              binaries/ip.o
prB                 0x4               binaries/main.o
userlist            0x2               binaries/ready.o
memlist             0x8               binaries/initialize.o
nametab             0x19a0            binaries/naminit.o
ptfree              0x4               binaries/ptinit.o

Memory Configuration

Name             Origin             Length             Attributes
*default*        0x0000000000000000 0xffffffffffffffff

Linker script and memory map

                0x0000000000100000                physbase = 0x100000
                0x0000000000100000                . = physbase
                0x0000000000100000                . = ALIGN (0x1000)

.text           0x0000000000100000    0x1c000
                0x0000000000100000                text = ABSOLUTE (.)
 *(.text .text.*)
 .text          0x0000000000100000      0x165 binaries/start.o
                0x0000000000100020                entry
                0x000000000010003d                start
                0x00000000001000a5                inb
                0x00000000001000ad                inw
                0x00000000001000b6                inl
                0x00000000001000be                outb
                0x00000000001000c8                outw
                0x00000000001000d3                outl
                0x00000000001000dd                _rtcin
                0x00000000001000e8                ___udivsi3
                0x00000000001000f3                ___divsi3
                0x00000000001000ff                sbzero
                0x000000000010010f                bcopy
                0x0000000000100123                insw
                0x0000000000100139                outsw
                0x000000000010014f                lidt
                0x0000000000100157                jumptocode
                0x000000000010015e                jumptobootcode
 .text          0x0000000000100165      0x3e3 binaries/ascdate.o
                0x0000000000100165                ascdate
 .text          0x0000000000100548       0x14 binaries/bufinit.o
                0x0000000000100548                bufinit
 .text          0x000000000010055c       0x95 binaries/chprio.o
                0x000000000010055c                chprio
 .text          0x00000000001005f1      0x152 binaries/clkhandler.o
                0x00000000001005f1                clkhandler
 .text          0x0000000000100743       0x88 binaries/clkinit.o
                0x0000000000100743                clkinit
 .text          0x00000000001007cb       0x75 binaries/close.o
                0x00000000001007cb                close
 .text          0x0000000000100840        0x0 binaries/conf.o
 .text          0x0000000000100840       0x7b binaries/control.o
                0x0000000000100840                control
 .text          0x00000000001008bb      0x2d2 binaries/create.o
                0x00000000001008bb                create
                0x0000000000100b1b                newpid
 .text          0x0000000000100b8d      0x2b1 binaries/create_user_proc.o
                0x0000000000100b8d                set_tickets
                0x0000000000100bb7                timed_execution
                0x0000000000100be0                create_user_proc
 .text          0x0000000000100e3e      0x35f binaries/evec.o
                0x0000000000100e3e                initevec
                0x0000000000100e95                set_evec
                0x0000000000100f37                trap
 .text          0x000000000010119d       0x19 binaries/exit.o
                0x000000000010119d                exit
 .text          0x00000000001011b6       0x8c binaries/freebuf.o
                0x00000000001011b6                freebuf
 .text          0x0000000000101242      0x172 binaries/freemem.o
                0x0000000000101242                freemem
 .text          0x00000000001013b4       0x8a binaries/getbuf.o
                0x00000000001013b4                getbuf
 .text          0x000000000010143e       0x75 binaries/getc.o
                0x000000000010143e                getc
 .text          0x00000000001014b3       0x74 binaries/getdev.o
                0x00000000001014b3                getdev
 .text          0x0000000000101527       0xd0 binaries/getitem.o
                0x0000000000101527                getfirst
                0x000000000010156c                getlast
                0x00000000001015b3                getitem
 .text          0x00000000001015f7      0x10a binaries/getmem.o
                0x00000000001015f7                getmem
 .text          0x0000000000101701        0xa binaries/getpid.o
                0x0000000000101701                getpid
 .text          0x000000000010170b       0x7d binaries/getprio.o
                0x000000000010170b                getprio
 .text          0x0000000000101788       0xfb binaries/getstk.o
                0x0000000000101788                getstk
 .text          0x0000000000101883       0x16 binaries/getticks.o
                0x0000000000101883                getticks
 .text          0x0000000000101899       0x3a binaries/gettime.o
                0x0000000000101899                gettime
 .text          0x00000000001018d3      0x1ea binaries/getutime.o
                0x00000000001018d3                getutime
 .text          0x0000000000101abd      0x3c5 binaries/i386.o
                0x0000000000101abd                setsegs
                0x0000000000101bcf                init8259
                0x0000000000101c81                pseg
                0x0000000000101e29                setirmask
 .text          0x0000000000101e82       0x75 binaries/init.o
                0x0000000000101e82                init
 .text          0x0000000000101ef7      0x3e5 binaries/initialize.o
                0x0000000000101ef7                nulluser
                0x0000000000102283                stop
                0x00000000001022ae                delay
 .text          0x00000000001022dc      0x20f binaries/insert.o
                0x00000000001022dc                insert
                0x00000000001023ba                insert_userproc
 .text          0x00000000001024eb      0x110 binaries/insertd.o
                0x00000000001024eb                insertd
 .text          0x00000000001025fb        0xa binaries/ioerr.o
                0x00000000001025fb                ioerr
 .text          0x0000000000102605        0xa binaries/ionull.o
                0x0000000000102605                ionull
 .text          0x000000000010260f      0x1d8 binaries/kill.o
                0x000000000010260f                kill
 .text          0x00000000001027e7      0x14e binaries/kprintf.o
                0x00000000001027e7                kputc
                0x000000000010287a                kgetc
                0x000000000010290b                kprintf
 .text          0x0000000000102935      0xb91 binaries/main.o
                0x0000000000102935                main
                0x000000000010340e                proc_a
                0x000000000010343c                proc_b
                0x000000000010346a                proc_c
                0x0000000000103498                proc_d
 .text          0x00000000001034c6       0xb5 binaries/mark.o
                0x00000000001034c6                markinit
                0x00000000001034ea                mark
 .text          0x000000000010357b       0xcc binaries/meminit.o
                0x000000000010357b                meminit
 .text          0x0000000000103647      0x174 binaries/mkbufpool.o
                0x0000000000103647                mkbufpool
 .text          0x00000000001037bb       0x94 binaries/newqueue.o
                0x00000000001037bb                newqueue
 .text          0x000000000010384f       0x7b binaries/open.o
                0x000000000010384f                open
 .text          0x00000000001038ca       0x20 binaries/panic.o
                0x00000000001038ca                panic
 .text          0x00000000001038ea      0x489 binaries/pci.o
                0x00000000001038ea                pci_init
                0x0000000000103ba7                find_pci_device
                0x0000000000103bf5                pci_bios_read_config_byte
                0x0000000000103c34                pci_bios_read_config_word
                0x0000000000103c76                pci_bios_read_config_dword
                0x0000000000103cb5                pci_bios_write_config_byte
                0x0000000000103cf6                pci_bios_write_config_word
                0x0000000000103d38                pci_bios_write_config_dword
 .text          0x0000000000103d73       0xf1 binaries/ptclear.o
                0x0000000000103d73                _ptclear
 .text          0x0000000000103e64       0x9d binaries/ptcount.o
                0x0000000000103e64                ptcount
 .text          0x0000000000103f01      0x116 binaries/ptcreate.o
                0x0000000000103f01                ptcreate
 .text          0x0000000000104017       0x7f binaries/ptdelete.o
                0x0000000000104017                ptdelete
 .text          0x0000000000104096       0xbf binaries/ptinit.o
                0x0000000000104096                ptinit
 .text          0x0000000000104155      0x11b binaries/ptrecv.o
                0x0000000000104155                ptrecv
 .text          0x0000000000104270       0x77 binaries/ptreset.o
                0x0000000000104270                ptreset
 .text          0x00000000001042e7      0x13d binaries/ptsend.o
                0x00000000001042e7                ptsend
 .text          0x0000000000104424       0x80 binaries/putc.o
                0x0000000000104424                putc
 .text          0x00000000001044a4      0x1f5 binaries/queue.o
                0x00000000001044a4                enqueue
                0x0000000000104548                dequeue
                0x00000000001045b5                dequeue_userproc
 .text          0x0000000000104699       0x7b binaries/read.o
                0x0000000000104699                read
 .text          0x0000000000104714       0xb8 binaries/ready.o
                0x0000000000104714                ready
 .text          0x00000000001047cc       0x64 binaries/receive.o
                0x00000000001047cc                receive
 .text          0x0000000000104830       0x60 binaries/recvclr.o
                0x0000000000104830                recvclr
 .text          0x0000000000104890       0xbf binaries/recvtime.o
                0x0000000000104890                recvtime
 .text          0x000000000010494f      0xaa7 binaries/resched.o
                0x000000000010494f                get_winner
                0x00000000001049d8                resched
                0x0000000000105381                resched_cntl
 .text          0x00000000001053f6       0xb2 binaries/resume.o
                0x00000000001053f6                resume
 .text          0x00000000001054a8       0x79 binaries/seek.o
                0x00000000001054a8                seek
 .text          0x0000000000105521       0x70 binaries/semcount.o
                0x0000000000105521                semcount
 .text          0x0000000000105591       0xd6 binaries/semcreate.o
                0x0000000000105591                semcreate
 .text          0x0000000000105667       0xcd binaries/semdelete.o
                0x0000000000105667                semdelete
 .text          0x0000000000105734       0xcb binaries/semreset.o
                0x0000000000105734                semreset
 .text          0x00000000001057ff       0xee binaries/send.o
                0x00000000001057ff                send
 .text          0x00000000001058ed       0xa8 binaries/signal.o
                0x00000000001058ed                signal
 .text          0x0000000000105995       0xd6 binaries/signaln.o
                0x0000000000105995                signaln
 .text          0x0000000000105a6b       0xee binaries/sleep.o
                0x0000000000105a6b                sleep
                0x0000000000105ab9                sleepms
 .text          0x0000000000105b59      0x193 binaries/stacktrace.o
                0x0000000000105b59                stacktrace
 .text          0x0000000000105cec       0xe8 binaries/suspend.o
                0x0000000000105cec                suspend
 .text          0x0000000000105dd4       0xea binaries/unsleep.o
                0x0000000000105dd4                unsleep
 .text          0x0000000000105ebe       0x19 binaries/userret.o
                0x0000000000105ebe                userret
 .text          0x0000000000105ed7       0xdf binaries/wait.o
                0x0000000000105ed7                wait
 .text          0x0000000000105fb6       0x72 binaries/wakeup.o
                0x0000000000105fb6                wakeup
 .text          0x0000000000106028       0x7b binaries/write.o
                0x0000000000106028                write
 .text          0x00000000001060a3       0x1d binaries/xdone.o
                0x00000000001060a3                xdone
 .text          0x00000000001060c0       0x28 binaries/yield.o
                0x00000000001060c0                yield
 .text          0x00000000001060e8       0x11 binaries/abs.o
                0x00000000001060e8                abs
 .text          0x00000000001060f9       0x8f binaries/atoi.o
                0x00000000001060f9                atoi
 .text          0x0000000000106188       0x8f binaries/atol.o
                0x0000000000106188                atol
 .text          0x0000000000106217       0x31 binaries/bzero.o
                0x0000000000106217                bzero
 .text          0x0000000000106248        0x0 binaries/ctype_.o
 .text          0x0000000000106248      0x8ed binaries/doprnt.o
                0x0000000000106248                _doprnt
 .text          0x0000000000106b35      0x65c binaries/doscan.o
                0x0000000000106b35                _doscan
 .text          0x0000000000107191      0x711 binaries/fdoprnt.o
                0x0000000000107191                _fdoprnt
 .text          0x00000000001078a2       0x29 binaries/fgetc.o
                0x00000000001078a2                fgetc
 .text          0x00000000001078cb       0x75 binaries/fgets.o
                0x00000000001078cb                fgets
 .text          0x0000000000107940       0x2a binaries/fprintf.o
                0x0000000000107940                fprintf
 .text          0x000000000010796a       0x2c binaries/fputc.o
                0x000000000010796a                fputc
 .text          0x0000000000107996       0x43 binaries/fputs.o
                0x0000000000107996                fputs
 .text          0x00000000001079d9       0x8a binaries/fscanf.o
                0x00000000001079d9                fscanf
 .text          0x0000000000107a63       0x35 binaries/getchar.o
                0x0000000000107a63                getchar
 .text          0x0000000000107a98       0x11 binaries/labs.o
                0x0000000000107a98                labs
 .text          0x0000000000107aa9        0x0 binaries/memchr.o
 .text          0x0000000000107aa9       0x51 binaries/memcmp.o
                0x0000000000107aa9                memcmp
 .text          0x0000000000107afa       0x3f binaries/memcpy.o
                0x0000000000107afa                memcpy
 .text          0x0000000000107b39       0x30 binaries/memset.o
                0x0000000000107b39                memset
 .text          0x0000000000107b69       0x4b binaries/printf.o
                0x0000000000107b69                printf
 .text          0x0000000000107bb4       0x38 binaries/putchar.o
                0x0000000000107bb4                putchar
 .text          0x0000000000107bec      0x27e binaries/qsort.o
                0x0000000000107bec                qsort
 .text          0x0000000000107e6a       0x63 binaries/rand.o
                0x0000000000107e6a                rand
                0x0000000000107e82                rand_r
                0x0000000000107ec0                srand
 .text          0x0000000000107ecd       0x66 binaries/sprintf.o
                0x0000000000107ecd                sprintf
 .text          0x0000000000107f33       0x70 binaries/sscanf.o
                0x0000000000107f33                sscanf
 .text          0x0000000000107fa3       0x3c binaries/strchr.o
                0x0000000000107fa3                strchr
 .text          0x0000000000107fdf       0x45 binaries/strcmp.o
                0x0000000000107fdf                strcmp
 .text          0x0000000000108024       0x27 binaries/strcpy.o
                0x0000000000108024                strcpy
 .text          0x000000000010804b       0x26 binaries/strlen.o
                0x000000000010804b                strlen
 .text          0x0000000000108071       0x56 binaries/strncat.o
                0x0000000000108071                strncat
 .text          0x00000000001080c7       0x5f binaries/strncmp.o
                0x00000000001080c7                strncmp
 .text          0x0000000000108126       0x4f binaries/strncpy.o
                0x0000000000108126                strncpy
 .text          0x0000000000108175       0x2e binaries/strnlen.o
                0x0000000000108175                strnlen
 .text          0x00000000001081a3       0x45 binaries/strrchr.o
                0x00000000001081a3                strrchr
 .text          0x00000000001081e8       0x6d binaries/strstr.o
                0x00000000001081e8                strstr
 .text          0x0000000000108255       0xe4 binaries/ttycontrol.o
                0x0000000000108255                ttycontrol
 .text          0x0000000000108339       0x97 binaries/ttygetc.o
                0x0000000000108339                ttygetc
 .text          0x00000000001083d0      0x6ee binaries/ttyhandle_in.o
                0x00000000001083d0                ttyhandle_in
 .text          0x0000000000108abe      0x1ae binaries/ttyhandle_out.o
                0x0000000000108abe                ttyhandle_out
 .text          0x0000000000108c6c       0xce binaries/ttyhandler.o
                0x0000000000108c6c                ttyhandler
 .text          0x0000000000108d3a      0x22f binaries/ttyinit.o
                0x0000000000108d3a                ttyinit
 .text          0x0000000000108f69       0x1b binaries/ttykickout.o
                0x0000000000108f69                ttykickout
 .text          0x0000000000108f84       0xb7 binaries/ttyputc.o
                0x0000000000108f84                ttyputc
 .text          0x000000000010903b      0x11b binaries/ttyread.o
                0x000000000010903b                ttyread
 .text          0x0000000000109156       0x4f binaries/ttywrite.o
                0x0000000000109156                ttywrite
 .text          0x00000000001091a5      0x14b binaries/mount.o
                0x00000000001091a5                mount
                0x00000000001092ba                namlen
 .text          0x00000000001092f0      0x1ea binaries/naminit.o
                0x00000000001092f0                naminit
 .text          0x00000000001094da      0x211 binaries/nammap.o
                0x00000000001094da                nammap
                0x0000000000109565                namrepl
                0x000000000010969b                namcpy
 .text          0x00000000001096eb       0x4e binaries/namopen.o
                0x00000000001096eb                namopen
 .text          0x0000000000109739      0xec3 binaries/82545EMInit.o
                0x0000000000109797                _82545EMInit
                0x000000000010a468                _82545EM_read_phy_reg
                0x000000000010a52e                _82545EM_write_phy_reg
 .text          0x000000000010a5fc      0x241 binaries/ethcontrol.o
                0x000000000010a65a                ethcontrol
                0x000000000010a7d0                ethIrqDisable
                0x000000000010a805                ethIrqEnable
 .text          0x000000000010a83d      0x252 binaries/ethhandler.o
                0x000000000010a9ad                ethhandler
 .text          0x000000000010aa8f      0x126 binaries/ethinit.o
                0x000000000010aa8f                ethinit
 .text          0x000000000010abb5      0x1f4 binaries/ethread.o
                0x000000000010ac13                ethread
 .text          0x000000000010ada9      0x19f binaries/ethwrite.o
                0x000000000010ae07                ethwrite
 .text          0x000000000010af48       0x9e binaries/rdsbufalloc.o
                0x000000000010af48                rdsbufalloc
 .text          0x000000000010afe6       0xcc binaries/rdsclose.o
                0x000000000010afe6                rdsclose
 .text          0x000000000010b0b2      0x2e8 binaries/rdscomm.o
                0x000000000010b0b2                rdscomm
 .text          0x000000000010b39a      0x233 binaries/rdscontrol.o
                0x000000000010b39a                rdscontrol
 .text          0x000000000010b5cd      0x1f3 binaries/rdsinit.o
                0x000000000010b5cd                rdsinit
 .text          0x000000000010b7c0      0x19b binaries/rdsopen.o
                0x000000000010b7c0                rdsopen
 .text          0x000000000010b95b      0x461 binaries/rdsprocess.o
                0x000000000010b95b                rdsprocess
 .text          0x000000000010bdbc      0x259 binaries/rdsread.o
                0x000000000010bdbc                rdsread
 .text          0x000000000010c015      0x1fe binaries/rdswrite.o
                0x000000000010c015                rdswrite
 .text          0x000000000010c213        0xa binaries/ramclose.o
                0x000000000010c213                ramclose
 .text          0x000000000010c21d       0x3e binaries/raminit.o
                0x000000000010c21d                raminit
 .text          0x000000000010c25b        0xa binaries/ramopen.o
                0x000000000010c25b                ramopen
 .text          0x000000000010c265       0x32 binaries/ramread.o
                0x000000000010c265                ramread
 .text          0x000000000010c297       0x32 binaries/ramwrite.o
                0x000000000010c297                ramwrite
 .text          0x000000000010c2c9       0x98 binaries/lfdballoc.o
                0x000000000010c2c9                lfdballoc
 .text          0x000000000010c361       0x58 binaries/lfdbfree.o
                0x000000000010c361                lfdbfree
 .text          0x000000000010c3b9       0xb6 binaries/lfflush.o
                0x000000000010c3b9                lfflush
 .text          0x000000000010c46f       0xd8 binaries/lfgetmode.o
                0x000000000010c46f                lfgetmode
 .text          0x000000000010c547       0x68 binaries/lfiballoc.o
                0x000000000010c547                lfiballoc
 .text          0x000000000010c5af       0x3b binaries/lfibclear.o
                0x000000000010c5af                lfibclear
 .text          0x000000000010c5ea       0xad binaries/lfibget.o
                0x000000000010c5ea                lfibget
 .text          0x000000000010c697       0xdc binaries/lfibput.o
                0x000000000010c697                lfibput
 .text          0x000000000010c773       0xa2 binaries/lflclose.o
                0x000000000010c773                lflclose
 .text          0x000000000010c815       0xd0 binaries/lflcontrol.o
                0x000000000010c815                lflcontrol
 .text          0x000000000010c8e5       0xf2 binaries/lflgetc.o
                0x000000000010c8e5                lflgetc
 .text          0x000000000010c9d7       0xf1 binaries/lflinit.o
                0x000000000010c9d7                lflinit
 .text          0x000000000010cac8      0x122 binaries/lflputc.o
                0x000000000010cac8                lflputc
 .text          0x000000000010cbea       0x70 binaries/lflread.o
                0x000000000010cbea                lflread
 .text          0x000000000010cc5a       0xac binaries/lflseek.o
                0x000000000010cc5a                lflseek
 .text          0x000000000010cd06       0x55 binaries/lflwrite.o
                0x000000000010cd06                lflwrite
 .text          0x000000000010cd5b       0x62 binaries/lfscheck.o
                0x000000000010cd5b                lfscheck
 .text          0x000000000010cdbd      0x175 binaries/lfsckfmt.o
                0x000000000010cdbd                lfsckfmt
 .text          0x000000000010cf32      0x1ad binaries/lfscreate.o
                0x000000000010cf32                lfscreate
 .text          0x000000000010d0df      0x278 binaries/lfsetup.o
                0x000000000010d0df                lfsetup
 .text          0x000000000010d357       0x51 binaries/lfsinit.o
                0x000000000010d357                lfsinit
 .text          0x000000000010d3a8      0x3c0 binaries/lfsopen.o
                0x000000000010d3a8                lfsopen
 .text          0x000000000010d768      0x15e binaries/lftruncate.o
                0x000000000010d768                lftruncate
 .text          0x000000000010d8c6       0x71 binaries/rflclose.o
                0x000000000010d8c6                rflclose
 .text          0x000000000010d937       0x32 binaries/rflgetc.o
                0x000000000010d937                rflgetc
 .text          0x000000000010d969       0x76 binaries/rflinit.o
                0x000000000010d969                rflinit
 .text          0x000000000010d9df       0x33 binaries/rflputc.o
                0x000000000010d9df                rflputc
 .text          0x000000000010da12      0x360 binaries/rflread.o
                0x000000000010da12                rflread
 .text          0x000000000010dd72       0x74 binaries/rflseek.o
                0x000000000010dd72                rflseek
 .text          0x000000000010dde6      0x34d binaries/rflwrite.o
                0x000000000010dde6                rflwrite
 .text          0x000000000010e133      0x1e2 binaries/rfscomm.o
                0x000000000010e133                rfscomm
 .text          0x000000000010e315      0x26d binaries/rfscontrol.o
                0x000000000010e315                rfscontrol
 .text          0x000000000010e582       0xd8 binaries/rfsgetmode.o
                0x000000000010e582                rfsgetmode
 .text          0x000000000010e65a       0x86 binaries/rfsinit.o
                0x000000000010e65a                rfsinit
 .text          0x000000000010e6e0      0x111 binaries/rfsndmsg.o
                0x000000000010e6e0                rfsndmsg
 .text          0x000000000010e7f1      0x2aa binaries/rfsopen.o
                0x000000000010e7f1                rfsopen
 .text          0x000000000010ea9b      0x836 binaries/arp.o
                0x000000000010ea9b                arp_init
                0x000000000010eacd                arp_resolve
                0x000000000010ed81                arp_in
                0x000000000010f039                arp_alloc
                0x000000000010f0f9                arp_ntoh
                0x000000000010f1e5                arp_hton
 .text          0x000000000010f2d1      0x8e3 binaries/dhcp.o
                0x000000000010f2d1                dhcp_get_opt_val
                0x000000000010f32a                dhcp_bld_bootp_msg
                0x000000000010f437                dhcp_bld_disc
                0x000000000010f520                dhcp_bld_req
                0x000000000010f692                getlocalip
 .text          0x000000000010fbb4      0x59f binaries/dns.o
                0x000000000010fbb4                dnslookup
 .text          0x0000000000110153       0xe8 binaries/dot2ip.o
                0x0000000000110153                dot2ip
 .text          0x000000000011023b      0x4c4 binaries/hexdump.o
                0x000000000011023b                hexdump
                0x00000000001103e2                hexadump
 .text          0x00000000001106ff      0x8af binaries/icmp.o
                0x00000000001106ff                icmp_init
                0x0000000000110736                icmp_in
                0x000000000011090c                icmp_register
                0x0000000000110a07                icmp_recv
                0x0000000000110b93                icmp_send
                0x0000000000110c1b                icmp_mkpkt
                0x0000000000110d35                icmp_release
                0x0000000000110e33                icmp_cksum
                0x0000000000110ec6                icmp_hton
                0x0000000000110f3a                icmp_ntoh
 .text          0x0000000000110fae      0x8a5 binaries/ip.o
                0x0000000000110fae                ip_in
                0x0000000000111132                ip_send
                0x000000000011128d                ip_local
                0x00000000001112d9                ip_out
                0x0000000000111412                ipcksum
                0x0000000000111498                ip_ntoh
                0x0000000000111584                ip_hton
                0x0000000000111670                ipout
                0x000000000011179f                ip_enqueue
 .text          0x0000000000111853      0x2cd binaries/net.o
                0x0000000000111853                net_init
                0x000000000011197b                netin
                0x0000000000111a38                eth_hton
                0x0000000000111a62                eth_ntoh
                0x0000000000111a8c                getport
 .text          0x0000000000111b20     0x147f binaries/pdump.o
                0x0000000000111b20                pdump
                0x00000000001128dd                pdumph
 .text          0x0000000000112f9f      0x613 binaries/tftp.o
                0x0000000000112f9f                tftp_send1
                0x0000000000113117                tftpget
                0x0000000000113149                tftpget_mb
 .text          0x00000000001135b2      0xb82 binaries/udp.o
                0x00000000001135b2                udp_init
                0x00000000001135e7                udp_in
                0x0000000000113729                udp_register
                0x0000000000113866                udp_recv
                0x0000000000113a02                udp_recvaddr
                0x0000000000113bb6                udp_send
                0x0000000000113d9e                udp_sendto
                0x0000000000113f4f                udp_release
                0x000000000011404a                udp_ntoh
                0x00000000001140bf                udp_hton
 .text          0x0000000000114134      0x13c binaries/addargs.o
                0x0000000000114134                addargs
 .text          0x0000000000114270      0x2c9 binaries/lexan.o
                0x0000000000114270                lexan
 .text          0x0000000000114539      0x66b binaries/shell.o
                0x0000000000114539                shell
 .text          0x0000000000114ba4       0x69 binaries/xsh_argecho.o
                0x0000000000114ba4                xsh_argecho
 .text          0x0000000000114c0d      0x275 binaries/xsh_arp.o
                0x0000000000114c0d                xsh_arp
 .text          0x0000000000114e82      0x28a binaries/xsh_cat.o
                0x0000000000114e82                xsh_cat
 .text          0x000000000011510c       0x62 binaries/xsh_clear.o
                0x000000000011510c                xsh_clear
 .text          0x000000000011516e      0x30e binaries/xsh_date.o
                0x000000000011516e                xsh_date
 .text          0x000000000011547c       0xb2 binaries/xsh_devdump.o
                0x000000000011547c                xsh_devdump
 .text          0x000000000011552e       0x72 binaries/xsh_echo.o
                0x000000000011552e                xsh_echo
 .text          0x00000000001155a0        0xa binaries/xsh_exit.o
                0x00000000001155a0                xsh_exit
 .text          0x00000000001155aa      0x391 binaries/xsh_help.o
                0x00000000001155aa                xsh_help
 .text          0x000000000011593b      0x25d binaries/xsh_kill.o
                0x000000000011593b                xsh_kill
 .text          0x0000000000115b98      0x55d binaries/xsh_memdump.o
                0x0000000000115b98                xsh_memdump
 .text          0x00000000001160f5      0x2b7 binaries/xsh_memstat.o
                0x00000000001160f5                xsh_memstat
 .text          0x00000000001163ac      0x51d binaries/xsh_netinfo.o
                0x00000000001163ac                xsh_netinfo
 .text          0x00000000001168c9      0x4b3 binaries/xsh_ping.o
                0x00000000001168c9                xsh_ping
 .text          0x0000000000116d7c      0x230 binaries/xsh_ps.o
                0x0000000000116d7c                xsh_ps
 .text          0x0000000000116fac      0x239 binaries/xsh_sleep.o
                0x0000000000116fac                xsh_sleep
 .text          0x00000000001171e5      0x282 binaries/xsh_udpdump.o
                0x00000000001171e5                xsh_udpdump
 .text          0x0000000000117467      0x4ea binaries/xsh_udpecho.o
                0x0000000000117467                xsh_udpecho
 .text          0x0000000000117951      0x2c8 binaries/xsh_udpserver.o
                0x0000000000117951                xsh_udpeserver
 .text          0x0000000000117c19      0x1fb binaries/xsh_uptime.o
                0x0000000000117c19                xsh_uptime
 .text          0x0000000000117e14        0xe binaries/clkdisp.o
                0x0000000000117e14                clkdisp
 .text          0x0000000000117e22       0x19 binaries/ctxsw.o
                0x0000000000117e22                ctxsw
 .text          0x0000000000117e3b      0x36b binaries/intr.o
                0x0000000000117e3b                disable
                0x0000000000117e44                restore
                0x0000000000117e52                enable
                0x0000000000117e54                pause
                0x0000000000117e5b                halt
                0x0000000000117e61                spurious_irq7
                0x0000000000117e66                spurious_irq15
                0x0000000000117e75                _Xint0
                0x0000000000117e80                _Xint1
                0x0000000000117e8b                _Xint2
                0x0000000000117e96                _Xint3
                0x0000000000117ea1                _Xint4
                0x0000000000117eac                _Xint5
                0x0000000000117eb7                _Xint6
                0x0000000000117ec2                _Xint7
                0x0000000000117ecd                _Xint8
                0x0000000000117ed8                _Xint9
                0x0000000000117ee3                _Xint10
                0x0000000000117eee                _Xint11
                0x0000000000117efc                _Xint12
                0x0000000000117f0a                _Xint13
                0x0000000000117f18                _Xint14
                0x0000000000117f26                _Xint15
                0x0000000000117f34                _Xint16
                0x0000000000117f42                _Xint17
                0x0000000000117f50                _Xint18
                0x0000000000117f5e                _Xint19
                0x0000000000117f6c                _Xint20
                0x0000000000117f7a                _Xint21
                0x0000000000117f88                _Xint22
                0x0000000000117f96                _Xint23
                0x0000000000117fa4                _Xint24
                0x0000000000117fb2                _Xint25
                0x0000000000117fc0                _Xint26
                0x0000000000117fce                _Xint27
                0x0000000000117fdc                _Xint28
                0x0000000000117fea                _Xint29
                0x0000000000117ff8                _Xint30
                0x0000000000118006                _Xint31
                0x0000000000118014                _Xint32
                0x0000000000118022                _Xint33
                0x0000000000118030                _Xint34
                0x000000000011803e                _Xint35
                0x000000000011804c                _Xint36
                0x000000000011805a                _Xint37
                0x0000000000118068                _Xint38
                0x0000000000118076                _Xint39
                0x0000000000118084                _Xint40
                0x0000000000118092                _Xint41
                0x00000000001180a0                _Xint42
                0x00000000001180ae                _Xint43
                0x00000000001180bc                _Xint44
                0x00000000001180ca                _Xint45
                0x00000000001180d8                _Xint46
                0x00000000001180e6                defevec
 .text          0x00000000001181a6        0xf binaries/ttydispatch.o
                0x00000000001181a6                ttydispatch
 .text          0x00000000001181b5       0x13 binaries/ethdispatch.o
                0x00000000001181b5                ethdispatch
 *(.rodata .rodata.*)
 .rodata        0x00000000001181c8       0x8e binaries/ascdate.o
 .rodata        0x0000000000118256       0xae binaries/conf.o
 .rodata        0x0000000000118304      0x22f binaries/evec.o
 *fill*         0x0000000000118533        0x1 
 .rodata        0x0000000000118534       0x61 binaries/getutime.o
 *fill*         0x0000000000118595        0x3 
 .rodata        0x0000000000118598       0x90 binaries/i386.o
 .rodata        0x0000000000118628      0x181 binaries/initialize.o
 *fill*         0x00000000001187a9        0x3 
 .rodata        0x00000000001187ac       0x20 binaries/kill.o
 *fill*         0x00000000001187cc        0x4 
 .rodata        0x00000000001187d0      0x1b0 binaries/main.o
 .rodata        0x0000000000118980        0xf binaries/panic.o
 *fill*         0x000000000011898f        0x1 
 .rodata        0x0000000000118990      0x1ec binaries/pci.o
 .rodata        0x0000000000118b7c       0x1d binaries/ptinit.o
 *fill*         0x0000000000118b99        0x3 
 .rodata        0x0000000000118b9c       0x25 binaries/ptsend.o
 .rodata        0x0000000000118bc1        0x7 binaries/resched.o
 .rodata        0x0000000000118bc8       0xb7 binaries/stacktrace.o
 *fill*         0x0000000000118c7f        0x1 
 .rodata        0x0000000000118c80       0x27 binaries/xdone.o
 *fill*         0x0000000000118ca7       0x19 
 .rodata        0x0000000000118cc0       0x81 binaries/ctype_.o
                0x0000000000118cc0                _ctype_
 *fill*         0x0000000000118d41        0x3 
 .rodata        0x0000000000118d44       0xee binaries/doprnt.o
 *fill*         0x0000000000118e32        0x2 
 .rodata        0x0000000000118e34       0x98 binaries/doscan.o
 .rodata        0x0000000000118ecc       0xae binaries/fdoprnt.o
 *fill*         0x0000000000118f7a        0x2 
 .rodata        0x0000000000118f7c       0x20 binaries/ttycontrol.o
 .rodata        0x0000000000118f9c       0x34 binaries/ttyhandler.o
 .rodata        0x0000000000118fd0       0x80 binaries/naminit.o
 .rodata        0x0000000000119050       0x2e binaries/82545EMInit.o
 *fill*         0x000000000011907e        0x2 
 .rodata        0x0000000000119080       0x78 binaries/ethinit.o
 .rodata        0x00000000001190f8       0x18 binaries/ethread.o
 .rodata        0x0000000000119110       0x2c binaries/rdsbufalloc.o
 .rodata        0x000000000011913c       0x76 binaries/rdscomm.o
 *fill*         0x00000000001191b2        0x2 
 .rodata        0x00000000001191b4       0x48 binaries/rdscontrol.o
 .rodata        0x00000000001191fc       0x96 binaries/rdsinit.o
 *fill*         0x0000000000119292        0x2 
 .rodata        0x0000000000119294       0x22 binaries/rdsopen.o
 *fill*         0x00000000001192b6        0x2 
 .rodata        0x00000000001192b8       0x4d binaries/rdsprocess.o
 .rodata        0x0000000000119305        0x9 binaries/raminit.o
 *fill*         0x000000000011930e        0x2 
 .rodata        0x0000000000119310       0x37 binaries/lfdballoc.o
 .rodata        0x0000000000119347       0x14 binaries/lfiballoc.o
 *fill*         0x000000000011935b        0x1 
 .rodata        0x000000000011935c       0x23 binaries/lflcontrol.o
 *fill*         0x000000000011937f        0x1 
 .rodata        0x0000000000119380      0x11b binaries/lfsckfmt.o
 *fill*         0x000000000011949b        0x1 
 .rodata        0x000000000011949c       0x2a binaries/lfsopen.o
 *fill*         0x00000000001194c6        0x2 
 .rodata        0x00000000001194c8       0x21 binaries/rflread.o
 *fill*         0x00000000001194e9        0x3 
 .rodata        0x00000000001194ec       0x21 binaries/rflwrite.o
 *fill*         0x000000000011950d        0x3 
 .rodata        0x0000000000119510       0x75 binaries/rfscomm.o
 *fill*         0x0000000000119585        0x3 
 .rodata        0x0000000000119588       0x3c binaries/rfscontrol.o
 .rodata        0x00000000001195c4       0x63 binaries/rfsinit.o
 *fill*         0x0000000000119627        0x1 
 .rodata        0x0000000000119628       0x2a binaries/rfsndmsg.o
 *fill*         0x0000000000119652        0x2 
 .rodata        0x0000000000119654       0x22 binaries/rfsopen.o
 *fill*         0x0000000000119676        0x2 
 .rodata        0x0000000000119678       0x3a binaries/arp.o
 *fill*         0x00000000001196b2        0x2 
 .rodata        0x00000000001196b4       0xcf binaries/dhcp.o
 .rodata        0x0000000000119783       0x1a binaries/dns.o
 *fill*         0x000000000011979d        0x3 
 .rodata        0x00000000001197a0       0xc9 binaries/hexdump.o
 *fill*         0x0000000000119869        0x3 
 .rodata        0x000000000011986c       0x29 binaries/icmp.o
 *fill*         0x0000000000119895        0x3 
 .rodata        0x0000000000119898       0x6e binaries/ip.o
 *fill*         0x0000000000119906        0x2 
 .rodata        0x0000000000119908       0x4f binaries/net.o
 *fill*         0x0000000000119957        0x1 
 .rodata        0x0000000000119958      0x26f binaries/pdump.o
 *fill*         0x0000000000119bc7        0x1 
 .rodata        0x0000000000119bc8      0x154 binaries/tftp.o
 *fill*         0x0000000000119d1c        0x4 
 .rodata        0x0000000000119d20      0x3c1 binaries/shell.o
                0x0000000000119da0                cmdtab
 .rodata        0x000000000011a0e1       0x28 binaries/xsh_argecho.o
 *fill*         0x000000000011a109        0x3 
 .rodata        0x000000000011a10c      0x123 binaries/xsh_arp.o
 *fill*         0x000000000011a22f        0x1 
 .rodata        0x000000000011a230       0xc9 binaries/xsh_cat.o
 .rodata        0x000000000011a2f9       0x19 binaries/xsh_clear.o
 *fill*         0x000000000011a312        0x2 
 .rodata        0x000000000011a314      0x1c3 binaries/xsh_date.o
 .rodata        0x000000000011a4d7       0x5d binaries/xsh_devdump.o
 .rodata        0x000000000011a534        0x9 binaries/xsh_echo.o
 *fill*         0x000000000011a53d        0x3 
 .rodata        0x000000000011a540      0x169 binaries/xsh_help.o
 *fill*         0x000000000011a6a9        0x3 
 .rodata        0x000000000011a6ac      0x12e binaries/xsh_kill.o
 *fill*         0x000000000011a7da        0x2 
 .rodata        0x000000000011a7dc      0x266 binaries/xsh_memdump.o
 *fill*         0x000000000011aa42        0x2 
 .rodata        0x000000000011aa44      0x225 binaries/xsh_memstat.o
 *fill*         0x000000000011ac69        0x3 
 .rodata        0x000000000011ac6c      0x1b0 binaries/xsh_netinfo.o
 .rodata        0x000000000011ae1c      0x1a1 binaries/xsh_ping.o
 *fill*         0x000000000011afbd        0x3 
 .rodata        0x000000000011afc0      0x1e0 binaries/xsh_ps.o
 .rodata        0x000000000011b1a0       0xeb binaries/xsh_sleep.o
 *fill*         0x000000000011b28b        0x1 
 .rodata        0x000000000011b28c      0x1b8 binaries/xsh_udpdump.o
 .rodata        0x000000000011b444      0x215 binaries/xsh_udpecho.o
 *fill*         0x000000000011b659        0x3 
 .rodata        0x000000000011b65c      0x12b binaries/xsh_udpserver.o
 *fill*         0x000000000011b787        0x1 
 .rodata        0x000000000011b788      0x105 binaries/xsh_uptime.o
                0x000000000011b88d                etext = ABSOLUTE (.)
                0x000000000011c000                . = ALIGN (0x1000)
 *fill*         0x000000000011b88d      0x773 

.eh_frame       0x000000000011c000     0x2d6c
 .eh_frame      0x000000000011c000       0x38 binaries/ascdate.o
 .eh_frame      0x000000000011c038       0x20 binaries/bufinit.o
                                         0x38 (size before relaxing)
 .eh_frame      0x000000000011c058       0x20 binaries/chprio.o
                                         0x38 (size before relaxing)
 .eh_frame      0x000000000011c078       0x20 binaries/clkhandler.o
                                         0x38 (size before relaxing)
 .eh_frame      0x000000000011c098       0x20 binaries/clkinit.o
                                         0x38 (size before relaxing)
 .eh_frame      0x000000000011c0b8       0x20 binaries/close.o
                                         0x38 (size before relaxing)
 .eh_frame      0x000000000011c0d8       0x20 binaries/control.o
                                         0x38 (size before relaxing)
 .eh_frame      0x000000000011c0f8       0x40 binaries/create.o
                                         0x58 (size before relaxing)
 .eh_frame      0x000000000011c138       0x60 binaries/create_user_proc.o
                                         0x78 (size before relaxing)
 .eh_frame      0x000000000011c198       0x60 binaries/evec.o
                                         0x78 (size before relaxing)
 .eh_frame      0x000000000011c1f8       0x20 binaries/exit.o
                                         0x38 (size before relaxing)
 .eh_frame      0x000000000011c218       0x20 binaries/freebuf.o
                                         0x38 (size before relaxing)
 .eh_frame      0x000000000011c238       0x20 binaries/freemem.o
                                         0x38 (size before relaxing)
 .eh_frame      0x000000000011c258       0x20 binaries/getbuf.o
                                         0x38 (size before relaxing)
 .eh_frame      0x000000000011c278       0x20 binaries/getc.o
                                         0x38 (size before relaxing)
 .eh_frame      0x000000000011c298       0x20 binaries/getdev.o
                                         0x38 (size before relaxing)
 .eh_frame      0x000000000011c2b8       0x60 binaries/getitem.o
                                         0x78 (size before relaxing)
 .eh_frame      0x000000000011c318       0x20 binaries/getmem.o
                                         0x38 (size before relaxing)
 .eh_frame      0x000000000011c338       0x20 binaries/getpid.o
                                         0x38 (size before relaxing)
 .eh_frame      0x000000000011c358       0x20 binaries/getprio.o
                                         0x38 (size before relaxing)
 .eh_frame      0x000000000011c378       0x20 binaries/getstk.o
                                         0x38 (size before relaxing)
 .eh_frame      0x000000000011c398       0x20 binaries/getticks.o
                                         0x38 (size before relaxing)
 .eh_frame      0x000000000011c3b8       0x20 binaries/gettime.o
                                         0x38 (size before relaxing)
 .eh_frame      0x000000000011c3d8       0x20 binaries/getutime.o
                                         0x38 (size before relaxing)
 .eh_frame      0x000000000011c3f8       0x8c binaries/i386.o
                                         0xa4 (size before relaxing)
 .eh_frame      0x000000000011c484       0x20 binaries/init.o
                                         0x38 (size before relaxing)
 .eh_frame      0x000000000011c4a4       0xa0 binaries/initialize.o
                                         0xb8 (size before relaxing)
 .eh_frame      0x000000000011c544       0x40 binaries/insert.o
                                         0x58 (size before relaxing)
 .eh_frame      0x000000000011c584       0x20 binaries/insertd.o
                                         0x38 (size before relaxing)
 .eh_frame      0x000000000011c5a4       0x20 binaries/ioerr.o
                                         0x38 (size before relaxing)
 .eh_frame      0x000000000011c5c4       0x20 binaries/ionull.o
                                         0x38 (size before relaxing)
 .eh_frame      0x000000000011c5e4       0x20 binaries/kill.o
                                         0x38 (size before relaxing)
 .eh_frame      0x000000000011c604       0x60 binaries/kprintf.o
                                         0x78 (size before relaxing)
 .eh_frame      0x000000000011c664       0xa8 binaries/main.o
                                         0xc0 (size before relaxing)
 .eh_frame      0x000000000011c70c       0x40 binaries/mark.o
                                         0x58 (size before relaxing)
 .eh_frame      0x000000000011c74c       0x20 binaries/meminit.o
                                         0x38 (size before relaxing)
 .eh_frame      0x000000000011c76c       0x20 binaries/mkbufpool.o
                                         0x38 (size before relaxing)
 .eh_frame      0x000000000011c78c       0x20 binaries/newqueue.o
                                         0x38 (size before relaxing)
 .eh_frame      0x000000000011c7ac       0x20 binaries/open.o
                                         0x38 (size before relaxing)
 .eh_frame      0x000000000011c7cc       0x1c binaries/panic.o
                                         0x34 (size before relaxing)
 .eh_frame      0x000000000011c7e8      0x1c8 binaries/pci.o
                                        0x1e0 (size before relaxing)
 .eh_frame      0x000000000011c9b0       0x20 binaries/ptclear.o
                                         0x38 (size before relaxing)
 .eh_frame      0x000000000011c9d0       0x20 binaries/ptcount.o
                                         0x38 (size before relaxing)
 .eh_frame      0x000000000011c9f0       0x20 binaries/ptcreate.o
                                         0x38 (size before relaxing)
 .eh_frame      0x000000000011ca10       0x20 binaries/ptdelete.o
                                         0x38 (size before relaxing)
 .eh_frame      0x000000000011ca30       0x20 binaries/ptinit.o
                                         0x38 (size before relaxing)
 .eh_frame      0x000000000011ca50       0x20 binaries/ptrecv.o
                                         0x38 (size before relaxing)
 .eh_frame      0x000000000011ca70       0x20 binaries/ptreset.o
                                         0x38 (size before relaxing)
 .eh_frame      0x000000000011ca90       0x20 binaries/ptsend.o
                                         0x38 (size before relaxing)
 .eh_frame      0x000000000011cab0       0x20 binaries/putc.o
                                         0x38 (size before relaxing)
 .eh_frame      0x000000000011cad0       0x60 binaries/queue.o
                                         0x78 (size before relaxing)
 .eh_frame      0x000000000011cb30       0x20 binaries/read.o
                                         0x38 (size before relaxing)
 .eh_frame      0x000000000011cb50       0x24 binaries/ready.o
                                         0x3c (size before relaxing)
 .eh_frame      0x000000000011cb74       0x20 binaries/receive.o
                                         0x38 (size before relaxing)
 .eh_frame      0x000000000011cb94       0x20 binaries/recvclr.o
                                         0x38 (size before relaxing)
 .eh_frame      0x000000000011cbb4       0x20 binaries/recvtime.o
                                         0x38 (size before relaxing)
 .eh_frame      0x000000000011cbd4       0x60 binaries/resched.o
                                         0x78 (size before relaxing)
 .eh_frame      0x000000000011cc34       0x20 binaries/resume.o
                                         0x38 (size before relaxing)
 .eh_frame      0x000000000011cc54       0x20 binaries/seek.o
                                         0x38 (size before relaxing)
 .eh_frame      0x000000000011cc74       0x20 binaries/semcount.o
                                         0x38 (size before relaxing)
 .eh_frame      0x000000000011cc94       0x40 binaries/semcreate.o
                                         0x58 (size before relaxing)
 .eh_frame      0x000000000011ccd4       0x20 binaries/semdelete.o
                                         0x38 (size before relaxing)
 .eh_frame      0x000000000011ccf4       0x20 binaries/semreset.o
                                         0x38 (size before relaxing)
 .eh_frame      0x000000000011cd14       0x20 binaries/send.o
                                         0x38 (size before relaxing)
 .eh_frame      0x000000000011cd34       0x20 binaries/signal.o
                                         0x38 (size before relaxing)
 .eh_frame      0x000000000011cd54       0x20 binaries/signaln.o
                                         0x38 (size before relaxing)
 .eh_frame      0x000000000011cd74       0x40 binaries/sleep.o
                                         0x58 (size before relaxing)
 .eh_frame      0x000000000011cdb4       0x20 binaries/stacktrace.o
                                         0x38 (size before relaxing)
 .eh_frame      0x000000000011cdd4       0x20 binaries/suspend.o
                                         0x38 (size before relaxing)
 .eh_frame      0x000000000011cdf4       0x20 binaries/unsleep.o
                                         0x38 (size before relaxing)
 .eh_frame      0x000000000011ce14       0x20 binaries/userret.o
                                         0x38 (size before relaxing)
 .eh_frame      0x000000000011ce34       0x20 binaries/wait.o
                                         0x38 (size before relaxing)
 .eh_frame      0x000000000011ce54       0x20 binaries/wakeup.o
                                         0x38 (size before relaxing)
 .eh_frame      0x000000000011ce74       0x20 binaries/write.o
                                         0x38 (size before relaxing)
 .eh_frame      0x000000000011ce94       0x20 binaries/xdone.o
                                         0x38 (size before relaxing)
 .eh_frame      0x000000000011ceb4       0x20 binaries/yield.o
                                         0x38 (size before relaxing)
 .eh_frame      0x000000000011ced4       0x20 binaries/abs.o
                                         0x38 (size before relaxing)
 .eh_frame      0x000000000011cef4       0x20 binaries/atoi.o
                                         0x38 (size before relaxing)
 .eh_frame      0x000000000011cf14       0x20 binaries/atol.o
                                         0x38 (size before relaxing)
 .eh_frame      0x000000000011cf34       0x20 binaries/bzero.o
                                         0x38 (size before relaxing)
 .eh_frame      0x000000000011cf54       0xe0 binaries/doprnt.o
                                         0xf8 (size before relaxing)
 .eh_frame      0x000000000011d034       0xb0 binaries/doscan.o
                                         0xc8 (size before relaxing)
 .eh_frame      0x000000000011d0e4       0xc0 binaries/fdoprnt.o
                                         0xd8 (size before relaxing)
 .eh_frame      0x000000000011d1a4       0x20 binaries/fgetc.o
                                         0x38 (size before relaxing)
 .eh_frame      0x000000000011d1c4       0x20 binaries/fgets.o
                                         0x38 (size before relaxing)
 .eh_frame      0x000000000011d1e4       0x20 binaries/fprintf.o
                                         0x38 (size before relaxing)
 .eh_frame      0x000000000011d204       0x20 binaries/fputc.o
                                         0x38 (size before relaxing)
 .eh_frame      0x000000000011d224       0x20 binaries/fputs.o
                                         0x38 (size before relaxing)
 .eh_frame      0x000000000011d244       0x60 binaries/fscanf.o
                                         0x78 (size before relaxing)
 .eh_frame      0x000000000011d2a4       0x20 binaries/getchar.o
                                         0x38 (size before relaxing)
 .eh_frame      0x000000000011d2c4       0x20 binaries/labs.o
                                         0x38 (size before relaxing)
 .eh_frame      0x000000000011d2e4       0x20 binaries/memcmp.o
                                         0x38 (size before relaxing)
 .eh_frame      0x000000000011d304       0x24 binaries/memcpy.o
                                         0x3c (size before relaxing)
 .eh_frame      0x000000000011d328       0x24 binaries/memset.o
                                         0x3c (size before relaxing)
 .eh_frame      0x000000000011d34c       0x20 binaries/printf.o
                                         0x38 (size before relaxing)
 .eh_frame      0x000000000011d36c       0x20 binaries/putchar.o
                                         0x38 (size before relaxing)
 .eh_frame      0x000000000011d38c       0xa8 binaries/qsort.o
                                         0xc0 (size before relaxing)
 .eh_frame      0x000000000011d434       0x60 binaries/rand.o
                                         0x78 (size before relaxing)
 .eh_frame      0x000000000011d494       0x40 binaries/sprintf.o
                                         0x58 (size before relaxing)
 .eh_frame      0x000000000011d4d4       0x60 binaries/sscanf.o
                                         0x78 (size before relaxing)
 .eh_frame      0x000000000011d534       0x20 binaries/strchr.o
                                         0x38 (size before relaxing)
 .eh_frame      0x000000000011d554       0x20 binaries/strcmp.o
                                         0x38 (size before relaxing)
 .eh_frame      0x000000000011d574       0x20 binaries/strcpy.o
                                         0x38 (size before relaxing)
 .eh_frame      0x000000000011d594       0x20 binaries/strlen.o
                                         0x38 (size before relaxing)
 .eh_frame      0x000000000011d5b4       0x20 binaries/strncat.o
                                         0x38 (size before relaxing)
 .eh_frame      0x000000000011d5d4       0x20 binaries/strncmp.o
                                         0x38 (size before relaxing)
 .eh_frame      0x000000000011d5f4       0x28 binaries/strncpy.o
                                         0x40 (size before relaxing)
 .eh_frame      0x000000000011d61c       0x20 binaries/strnlen.o
                                         0x38 (size before relaxing)
 .eh_frame      0x000000000011d63c       0x20 binaries/strrchr.o
                                         0x38 (size before relaxing)
 .eh_frame      0x000000000011d65c       0x20 binaries/strstr.o
                                         0x38 (size before relaxing)
 .eh_frame      0x000000000011d67c       0x20 binaries/ttycontrol.o
                                         0x38 (size before relaxing)
 .eh_frame      0x000000000011d69c       0x20 binaries/ttygetc.o
                                         0x38 (size before relaxing)
 .eh_frame      0x000000000011d6bc       0x80 binaries/ttyhandle_in.o
                                         0x98 (size before relaxing)
 .eh_frame      0x000000000011d73c       0x20 binaries/ttyhandle_out.o
                                         0x38 (size before relaxing)
 .eh_frame      0x000000000011d75c       0x20 binaries/ttyhandler.o
                                         0x38 (size before relaxing)
 .eh_frame      0x000000000011d77c       0x20 binaries/ttyinit.o
                                         0x38 (size before relaxing)
 .eh_frame      0x000000000011d79c       0x20 binaries/ttykickout.o
                                         0x38 (size before relaxing)
 .eh_frame      0x000000000011d7bc       0x20 binaries/ttyputc.o
                                         0x38 (size before relaxing)
 .eh_frame      0x000000000011d7dc       0x24 binaries/ttyread.o
                                         0x3c (size before relaxing)
 .eh_frame      0x000000000011d800       0x20 binaries/ttywrite.o
                                         0x38 (size before relaxing)
 .eh_frame      0x000000000011d820       0x40 binaries/mount.o
                                         0x58 (size before relaxing)
 .eh_frame      0x000000000011d860       0x20 binaries/naminit.o
                                         0x38 (size before relaxing)
 .eh_frame      0x000000000011d880       0x60 binaries/nammap.o
                                         0x78 (size before relaxing)
 .eh_frame      0x000000000011d8e0       0x20 binaries/namopen.o
                                         0x38 (size before relaxing)
 .eh_frame      0x000000000011d900      0x150 binaries/82545EMInit.o
                                        0x168 (size before relaxing)
 .eh_frame      0x000000000011da50       0xa0 binaries/ethcontrol.o
                                         0xb8 (size before relaxing)
 .eh_frame      0x000000000011daf0       0x80 binaries/ethhandler.o
                                         0x98 (size before relaxing)
 .eh_frame      0x000000000011db70       0x20 binaries/ethinit.o
                                         0x38 (size before relaxing)
 .eh_frame      0x000000000011db90       0x60 binaries/ethread.o
                                         0x78 (size before relaxing)
 .eh_frame      0x000000000011dbf0       0x60 binaries/ethwrite.o
                                         0x78 (size before relaxing)
 .eh_frame      0x000000000011dc50       0x20 binaries/rdsbufalloc.o
                                         0x38 (size before relaxing)
 .eh_frame      0x000000000011dc70       0x20 binaries/rdsclose.o
                                         0x38 (size before relaxing)
 .eh_frame      0x000000000011dc90       0x20 binaries/rdscomm.o
                                         0x38 (size before relaxing)
 .eh_frame      0x000000000011dcb0       0x20 binaries/rdscontrol.o
                                         0x38 (size before relaxing)
 .eh_frame      0x000000000011dcd0       0x20 binaries/rdsinit.o
                                         0x38 (size before relaxing)
 .eh_frame      0x000000000011dcf0       0x20 binaries/rdsopen.o
                                         0x38 (size before relaxing)
 .eh_frame      0x000000000011dd10       0x1c binaries/rdsprocess.o
                                         0x34 (size before relaxing)
 .eh_frame      0x000000000011dd2c       0x20 binaries/rdsread.o
                                         0x38 (size before relaxing)
 .eh_frame      0x000000000011dd4c       0x20 binaries/rdswrite.o
                                         0x38 (size before relaxing)
 .eh_frame      0x000000000011dd6c       0x20 binaries/ramclose.o
                                         0x38 (size before relaxing)
 .eh_frame      0x000000000011dd8c       0x20 binaries/raminit.o
                                         0x38 (size before relaxing)
 .eh_frame      0x000000000011ddac       0x20 binaries/ramopen.o
                                         0x38 (size before relaxing)
 .eh_frame      0x000000000011ddcc       0x20 binaries/ramread.o
                                         0x38 (size before relaxing)
 .eh_frame      0x000000000011ddec       0x20 binaries/ramwrite.o
                                         0x38 (size before relaxing)
 .eh_frame      0x000000000011de0c       0x20 binaries/lfdballoc.o
                                         0x38 (size before relaxing)
 .eh_frame      0x000000000011de2c       0x20 binaries/lfdbfree.o
                                         0x38 (size before relaxing)
 .eh_frame      0x000000000011de4c       0x20 binaries/lfflush.o
                                         0x38 (size before relaxing)
 .eh_frame      0x000000000011de6c       0x20 binaries/lfgetmode.o
                                         0x38 (size before relaxing)
 .eh_frame      0x000000000011de8c       0x20 binaries/lfiballoc.o
                                         0x38 (size before relaxing)
 .eh_frame      0x000000000011deac       0x20 binaries/lfibclear.o
                                         0x38 (size before relaxing)
 .eh_frame      0x000000000011decc       0x20 binaries/lfibget.o
                                         0x38 (size before relaxing)
 .eh_frame      0x000000000011deec       0x20 binaries/lfibput.o
                                         0x38 (size before relaxing)
 .eh_frame      0x000000000011df0c       0x20 binaries/lflclose.o
                                         0x38 (size before relaxing)
 .eh_frame      0x000000000011df2c       0x20 binaries/lflcontrol.o
                                         0x38 (size before relaxing)
 .eh_frame      0x000000000011df4c       0x20 binaries/lflgetc.o
                                         0x38 (size before relaxing)
 .eh_frame      0x000000000011df6c       0x20 binaries/lflinit.o
                                         0x38 (size before relaxing)
 .eh_frame      0x000000000011df8c       0x20 binaries/lflputc.o
                                         0x38 (size before relaxing)
 .eh_frame      0x000000000011dfac       0x20 binaries/lflread.o
                                         0x38 (size before relaxing)
 .eh_frame      0x000000000011dfcc       0x20 binaries/lflseek.o
                                         0x38 (size before relaxing)
 .eh_frame      0x000000000011dfec       0x20 binaries/lflwrite.o
                                         0x38 (size before relaxing)
 .eh_frame      0x000000000011e00c       0x20 binaries/lfscheck.o
                                         0x38 (size before relaxing)
 .eh_frame      0x000000000011e02c       0x20 binaries/lfsckfmt.o
                                         0x38 (size before relaxing)
 .eh_frame      0x000000000011e04c       0x20 binaries/lfscreate.o
                                         0x38 (size before relaxing)
 .eh_frame      0x000000000011e06c       0x20 binaries/lfsetup.o
                                         0x38 (size before relaxing)
 .eh_frame      0x000000000011e08c       0x20 binaries/lfsinit.o
                                         0x38 (size before relaxing)
 .eh_frame      0x000000000011e0ac       0x20 binaries/lfsopen.o
                                         0x38 (size before relaxing)
 .eh_frame      0x000000000011e0cc       0x20 binaries/lftruncate.o
                                         0x38 (size before relaxing)
 .eh_frame      0x000000000011e0ec       0x20 binaries/rflclose.o
                                         0x38 (size before relaxing)
 .eh_frame      0x000000000011e10c       0x20 binaries/rflgetc.o
                                         0x38 (size before relaxing)
 .eh_frame      0x000000000011e12c       0x20 binaries/rflinit.o
                                         0x38 (size before relaxing)
 .eh_frame      0x000000000011e14c       0x20 binaries/rflputc.o
                                         0x38 (size before relaxing)
 .eh_frame      0x000000000011e16c       0x20 binaries/rflread.o
                                         0x38 (size before relaxing)
 .eh_frame      0x000000000011e18c       0x20 binaries/rflseek.o
                                         0x38 (size before relaxing)
 .eh_frame      0x000000000011e1ac       0x20 binaries/rflwrite.o
                                         0x38 (size before relaxing)
 .eh_frame      0x000000000011e1cc       0x20 binaries/rfscomm.o
                                         0x38 (size before relaxing)
 .eh_frame      0x000000000011e1ec       0x20 binaries/rfscontrol.o
                                         0x38 (size before relaxing)
 .eh_frame      0x000000000011e20c       0x20 binaries/rfsgetmode.o
                                         0x38 (size before relaxing)
 .eh_frame      0x000000000011e22c       0x20 binaries/rfsinit.o
                                         0x38 (size before relaxing)
 .eh_frame      0x000000000011e24c       0x20 binaries/rfsndmsg.o
                                         0x38 (size before relaxing)
 .eh_frame      0x000000000011e26c       0x20 binaries/rfsopen.o
                                         0x38 (size before relaxing)
 .eh_frame      0x000000000011e28c       0xc0 binaries/arp.o
                                         0xd8 (size before relaxing)
 .eh_frame      0x000000000011e34c       0xa0 binaries/dhcp.o
                                         0xb8 (size before relaxing)
 .eh_frame      0x000000000011e3ec       0x80 binaries/dns.o
                                         0x98 (size before relaxing)
 .eh_frame      0x000000000011e46c       0x20 binaries/dot2ip.o
                                         0x38 (size before relaxing)
 .eh_frame      0x000000000011e48c       0x40 binaries/hexdump.o
                                         0x58 (size before relaxing)
 .eh_frame      0x000000000011e4cc      0x14c binaries/icmp.o
                                        0x164 (size before relaxing)
 .eh_frame      0x000000000011e618      0x11c binaries/ip.o
                                        0x134 (size before relaxing)
 .eh_frame      0x000000000011e734       0xa0 binaries/net.o
                                         0xb8 (size before relaxing)
 .eh_frame      0x000000000011e7d4       0x60 binaries/pdump.o
                                         0x78 (size before relaxing)
 .eh_frame      0x000000000011e834       0x60 binaries/tftp.o
                                         0x78 (size before relaxing)
 .eh_frame      0x000000000011e894      0x140 binaries/udp.o
                                        0x158 (size before relaxing)
 .eh_frame      0x000000000011e9d4       0x20 binaries/addargs.o
                                         0x38 (size before relaxing)
 .eh_frame      0x000000000011e9f4       0x20 binaries/lexan.o
                                         0x38 (size before relaxing)
 .eh_frame      0x000000000011ea14       0x20 binaries/shell.o
                                         0x38 (size before relaxing)
 .eh_frame      0x000000000011ea34       0x20 binaries/xsh_argecho.o
                                         0x38 (size before relaxing)
 .eh_frame      0x000000000011ea54       0x40 binaries/xsh_arp.o
                                         0x58 (size before relaxing)
 .eh_frame      0x000000000011ea94       0x20 binaries/xsh_cat.o
                                         0x38 (size before relaxing)
 .eh_frame      0x000000000011eab4       0x20 binaries/xsh_clear.o
                                         0x38 (size before relaxing)
 .eh_frame      0x000000000011ead4       0x20 binaries/xsh_date.o
                                         0x38 (size before relaxing)
 .eh_frame      0x000000000011eaf4       0x20 binaries/xsh_devdump.o
                                         0x38 (size before relaxing)
 .eh_frame      0x000000000011eb14       0x20 binaries/xsh_echo.o
                                         0x38 (size before relaxing)
 .eh_frame      0x000000000011eb34       0x20 binaries/xsh_exit.o
                                         0x38 (size before relaxing)
 .eh_frame      0x000000000011eb54       0x20 binaries/xsh_help.o
                                         0x38 (size before relaxing)
 .eh_frame      0x000000000011eb74       0x20 binaries/xsh_kill.o
                                         0x38 (size before relaxing)
 .eh_frame      0x000000000011eb94       0x40 binaries/xsh_memdump.o
                                         0x58 (size before relaxing)
 .eh_frame      0x000000000011ebd4       0x60 binaries/xsh_memstat.o
                                         0x78 (size before relaxing)
 .eh_frame      0x000000000011ec34       0x30 binaries/xsh_netinfo.o
                                         0x48 (size before relaxing)
 .eh_frame      0x000000000011ec64       0x24 binaries/xsh_ping.o
                                         0x3c (size before relaxing)
 .eh_frame      0x000000000011ec88       0x30 binaries/xsh_ps.o
                                         0x48 (size before relaxing)
 .eh_frame      0x000000000011ecb8       0x20 binaries/xsh_sleep.o
                                         0x38 (size before relaxing)
 .eh_frame      0x000000000011ecd8       0x20 binaries/xsh_udpdump.o
                                         0x38 (size before relaxing)
 .eh_frame      0x000000000011ecf8       0x30 binaries/xsh_udpecho.o
                                         0x48 (size before relaxing)
 .eh_frame      0x000000000011ed28       0x24 binaries/xsh_udpserver.o
                                         0x3c (size before relaxing)
 .eh_frame      0x000000000011ed4c       0x20 binaries/xsh_uptime.o
                                         0x38 (size before relaxing)

.iplt           0x000000000011ed70        0x0
 .iplt          0x000000000011ed70        0x0 binaries/start.o

.rel.dyn        0x000000000011ed6c        0x0
 .rel.iplt      0x000000000011ed6c        0x0 binaries/start.o
 .rel.text      0x000000000011ed6c        0x0 binaries/start.o
 .rel.data      0x000000000011ed6c        0x0 binaries/start.o
 .rel.rodata    0x000000000011ed6c        0x0 binaries/start.o

.data           0x000000000011ed80     0x1280
                0x000000000011ed80                data = ABSOLUTE (.)
 *(.data .data.*)
 .data          0x000000000011ed80      0x460 binaries/start.o
                0x000000000011ed80                gdt
                0x000000000011edc0                gdtr
                0x000000000011edc6                idt
                0x000000000011f1c6                idtr
                0x000000000011f1cc                cpudelay
                0x000000000011f1d0                _bootdev
                0x000000000011f1d4                _cyloffset
 .data          0x000000000011f1e0       0x88 binaries/ascdate.o
                0x000000000011f1e0                Date
 .data          0x000000000011f268        0x0 binaries/bufinit.o
 .data          0x000000000011f268        0x0 binaries/chprio.o
 .data          0x000000000011f268        0x4 binaries/clkhandler.o
 .data          0x000000000011f26c        0x0 binaries/clkinit.o
 .data          0x000000000011f26c        0x0 binaries/close.o
 *fill*         0x000000000011f26c       0x14 
 .data          0x000000000011f280      0x5a0 binaries/conf.o
                0x000000000011f280                devtab
 .data          0x000000000011f820        0x0 binaries/control.o
 .data          0x000000000011f820        0x4 binaries/create.o
 .data          0x000000000011f824        0x0 binaries/create_user_proc.o
 *fill*         0x000000000011f824       0x1c 
 .data          0x000000000011f840       0x40 binaries/evec.o
                0x000000000011f840                inames
 .data          0x000000000011f880        0x0 binaries/exit.o
 .data          0x000000000011f880        0x0 binaries/freebuf.o
 .data          0x000000000011f880        0x0 binaries/freemem.o
 .data          0x000000000011f880        0x0 binaries/getbuf.o
 .data          0x000000000011f880        0x0 binaries/getc.o
 .data          0x000000000011f880        0x0 binaries/getdev.o
 .data          0x000000000011f880        0x0 binaries/getitem.o
 .data          0x000000000011f880        0x0 binaries/getmem.o
 .data          0x000000000011f880        0x0 binaries/getpid.o
 .data          0x000000000011f880        0x0 binaries/getprio.o
 .data          0x000000000011f880        0x0 binaries/getstk.o
 .data          0x000000000011f880        0x0 binaries/getticks.o
 .data          0x000000000011f880        0x0 binaries/gettime.o
 .data          0x000000000011f880        0x0 binaries/getutime.o
 .data          0x000000000011f880       0x40 binaries/i386.o
                0x000000000011f880                gdt_copy
 .data          0x000000000011f8c0        0x0 binaries/init.o
 .data          0x000000000011f8c0        0x0 binaries/initialize.o
 .data          0x000000000011f8c0        0x0 binaries/insert.o
 .data          0x000000000011f8c0        0x0 binaries/insertd.o
 .data          0x000000000011f8c0        0x0 binaries/ioerr.o
 .data          0x000000000011f8c0        0x0 binaries/ionull.o
 .data          0x000000000011f8c0        0x0 binaries/kill.o
 .data          0x000000000011f8c0        0x0 binaries/kprintf.o
 .data          0x000000000011f8c0        0x0 binaries/main.o
 .data          0x000000000011f8c0        0x0 binaries/mark.o
 .data          0x000000000011f8c0        0x0 binaries/meminit.o
 .data          0x000000000011f8c0        0x0 binaries/mkbufpool.o
 .data          0x000000000011f8c0        0x2 binaries/newqueue.o
 .data          0x000000000011f8c2        0x0 binaries/open.o
 .data          0x000000000011f8c2        0x0 binaries/panic.o
 *fill*         0x000000000011f8c2        0x2 
 .data          0x000000000011f8c4       0x10 binaries/pci.o
 .data          0x000000000011f8d4        0x0 binaries/ptclear.o
 .data          0x000000000011f8d4        0x0 binaries/ptcount.o
 .data          0x000000000011f8d4        0x0 binaries/ptcreate.o
 .data          0x000000000011f8d4        0x0 binaries/ptdelete.o
[...]
 .comment       0x000000000000001d       0x1e binaries/dns.o
 .comment       0x000000000000001d       0x1e binaries/dot2ip.o
 .comment       0x000000000000001d       0x1e binaries/hexdump.o
 .comment       0x000000000000001d       0x1e binaries/icmp.o
 .comment       0x000000000000001d       0x1e binaries/ip.o
 .comment       0x000000000000001d       0x1e binaries/net.o
 .comment       0x000000000000001d       0x1e binaries/pdump.o
 .comment       0x000000000000001d       0x1e binaries/tftp.o
 .comment       0x000000000000001d       0x1e binaries/udp.o
 .comment       0x000000000000001d       0x1e binaries/addargs.o
 .comment       0x000000000000001d       0x1e binaries/lexan.o
 .comment       0x000000000000001d       0x1e binaries/shell.o
 .comment       0x000000000000001d       0x1e binaries/xsh_argecho.o
 .comment       0x000000000000001d       0x1e binaries/xsh_arp.o
 .comment       0x000000000000001d       0x1e binaries/xsh_cat.o
 .comment       0x000000000000001d       0x1e binaries/xsh_clear.o
 .comment       0x000000000000001d       0x1e binaries/xsh_date.o
 .comment       0x000000000000001d       0x1e binaries/xsh_devdump.o
 .comment       0x000000000000001d       0x1e binaries/xsh_echo.o
 .comment       0x000000000000001d       0x1e binaries/xsh_exit.o
 .comment       0x000000000000001d       0x1e binaries/xsh_help.o
 .comment       0x000000000000001d       0x1e binaries/xsh_kill.o
 .comment       0x000000000000001d       0x1e binaries/xsh_memdump.o
 .comment       0x000000000000001d       0x1e binaries/xsh_memstat.o
 .comment       0x000000000000001d       0x1e binaries/xsh_netinfo.o
 .comment       0x000000000000001d       0x1e binaries/xsh_ping.o
 .comment       0x000000000000001d       0x1e binaries/xsh_ps.o
 .comment       0x000000000000001d       0x1e binaries/xsh_sleep.o
 .comment       0x000000000000001d       0x1e binaries/xsh_udpdump.o
 .comment       0x000000000000001d       0x1e binaries/xsh_udpecho.o
 .comment       0x000000000000001d       0x1e binaries/xsh_udpserver.o
 .comment       0x000000000000001d       0x1e binaries/xsh_uptime.o

.note.GNU-stack
                0x0000000000000000        0x0
 .note.GNU-stack
                0x0000000000000000        0x0 binaries/ascdate.o
 .note.GNU-stack
                0x0000000000000000        0x0 binaries/bufinit.o
 .note.GNU-stack
                0x0000000000000000        0x0 binaries/chprio.o
 .note.GNU-stack
                0x0000000000000000        0x0 binaries/clkhandler.o
 .note.GNU-stack
                0x0000000000000000        0x0 binaries/clkinit.o
 .note.GNU-stack
                0x0000000000000000        0x0 binaries/close.o
 .note.GNU-stack
                0x0000000000000000        0x0 binaries/conf.o
 .note.GNU-stack
                0x0000000000000000        0x0 binaries/control.o
 .note.GNU-stack
                0x0000000000000000        0x0 binaries/create.o
 .note.GNU-stack
                0x0000000000000000        0x0 binaries/create_user_proc.o
 .note.GNU-stack
                0x0000000000000000        0x0 binaries/evec.o
 .note.GNU-stack
                0x0000000000000000        0x0 binaries/exit.o
 .note.GNU-stack
                0x0000000000000000        0x0 binaries/freebuf.o
 .note.GNU-stack
                0x0000000000000000        0x0 binaries/freemem.o
 .note.GNU-stack
                0x0000000000000000        0x0 binaries/getbuf.o
 .note.GNU-stack
                0x0000000000000000        0x0 binaries/getc.o
 .note.GNU-stack
                0x0000000000000000        0x0 binaries/getdev.o
 .note.GNU-stack
                0x0000000000000000        0x0 binaries/getitem.o
 .note.GNU-stack
                0x0000000000000000        0x0 binaries/getmem.o
 .note.GNU-stack
                0x0000000000000000        0x0 binaries/getpid.o
 .note.GNU-stack
                0x0000000000000000        0x0 binaries/getprio.o
 .note.GNU-stack
                0x0000000000000000        0x0 binaries/getstk.o
 .note.GNU-stack
                0x0000000000000000        0x0 binaries/getticks.o
 .note.GNU-stack
                0x0000000000000000        0x0 binaries/gettime.o
 .note.GNU-stack
                0x0000000000000000        0x0 binaries/getutime.o
 .note.GNU-stack
                0x0000000000000000        0x0 binaries/i386.o
 .note.GNU-stack
                0x0000000000000000        0x0 binaries/init.o
 .note.GNU-stack
                0x0000000000000000        0x0 binaries/initialize.o
 .note.GNU-stack
                0x0000000000000000        0x0 binaries/insert.o
 .note.GNU-stack
                0x0000000000000000        0x0 binaries/insertd.o
 .note.GNU-stack
                0x0000000000000000        0x0 binaries/ioerr.o
 .note.GNU-stack
                0x0000000000000000        0x0 binaries/ionull.o
 .note.GNU-stack
                0x0000000000000000        0x0 binaries/kill.o
 .note.GNU-stack
                0x0000000000000000        0x0 binaries/kprintf.o
 .note.GNU-stack
                0x0000000000000000        0x0 binaries/main.o
 .note.GNU-stack
                0x0000000000000000        0x0 binaries/mark.o
 .note.GNU-stack
                0x0000000000000000        0x0 binaries/meminit.o
 .note.GNU-stack
                0x0000000000000000        0x0 binaries/mkbufpool.o
 .note.GNU-stack
                0x0000000000000000        0x0 binaries/newqueue.o
 .note.GNU-stack
                0x0000000000000000        0x0 binaries/open.o
 .note.GNU-stack
                0x0000000000000000        0x0 binaries/panic.o
 .note.GNU-stack
                0x0000000000000000        0x0 binaries/pci.o
 .note.GNU-stack
                0x0000000000000000        0x0 binaries/ptclear.o
 .note.GNU-stack
                0x0000000000000000        0x0 binaries/ptcount.o
 .note.GNU-stack
                0x0000000000000000        0x0 binaries/ptcreate.o
 .note.GNU-stack
                0x0000000000000000        0x0 binaries/ptdelete.o
 .note.GNU-stack
                0x0000000000000000        0x0 binaries/ptinit.o
 .note.GNU-stack
                0x0000000000000000        0x0 binaries/ptrecv.o
 .note.GNU-stack
                0x0000000000000000        0x0 binaries/ptreset.o
 .note.GNU-stack
                0x0000000000000000        0x0 binaries/ptsend.o
 .note.GNU-stack
                0x0000000000000000        0x0 binaries/putc.o
 .note.GNU-stack
                0x0000000000000000        0x0 binaries/queue.o
 .note.GNU-stack
                0x0000000000000000        0x0 binaries/read.o
 .note.GNU-stack
                0x0000000000000000        0x0 binaries/ready.o
 .note.GNU-stack
                0x0000000000000000        0x0 binaries/receive.o
 .note.GNU-stack
                0x0000000000000000        0x0 binaries/recvclr.o
 .note.GNU-stack
                0x0000000000000000        0x0 binaries/recvtime.o
 .note.GNU-stack
                0x0000000000000000        0x0 binaries/resched.o
 .note.GNU-stack
                0x0000000000000000        0x0 binaries/resume.o
 .note.GNU-stack
                0x0000000000000000        0x0 binaries/seek.o
 .note.GNU-stack
                0x0000000000000000        0x0 binaries/semcount.o
 .note.GNU-stack
                0x0000000000000000        0x0 binaries/semcreate.o
 .note.GNU-stack
                0x0000000000000000        0x0 binaries/semdelete.o
 .note.GNU-stack
                0x0000000000000000        0x0 binaries/semreset.o
 .note.GNU-stack
                0x0000000000000000        0x0 binaries/send.o
 .note.GNU-stack
                0x0000000000000000        0x0 binaries/signal.o
 .note.GNU-stack
                0x0000000000000000        0x0 binaries/signaln.o
 .note.GNU-stack
                0x0000000000000000        0x0 binaries/sleep.o
 .note.GNU-stack
                0x0000000000000000        0x0 binaries/stacktrace.o
 .note.GNU-stack
                0x0000000000000000        0x0 binaries/suspend.o
 .note.GNU-stack
                0x0000000000000000        0x0 binaries/unsleep.o
 .note.GNU-stack
                0x0000000000000000        0x0 binaries/userret.o
 .note.GNU-stack
                0x0000000000000000        0x0 binaries/wait.o
 .note.GNU-stack
                0x0000000000000000        0x0 binaries/wakeup.o
 .note.GNU-stack
                0x0000000000000000        0x0 binaries/write.o
 .note.GNU-stack
                0x0000000000000000        0x0 binaries/xdone.o
 .note.GNU-stack
                0x0000000000000000        0x0 binaries/yield.o
 .note.GNU-stack
                0x0000000000000000        0x0 binaries/abs.o
 .note.GNU-stack
                0x0000000000000000        0x0 binaries/atoi.o
 .note.GNU-stack
                0x0000000000000000        0x0 binaries/atol.o
 .note.GNU-stack
                0x0000000000000000        0x0 binaries/bzero.o
 .note.GNU-stack
                0x0000000000000000        0x0 binaries/ctype_.o
 .note.GNU-stack
                0x0000000000000000        0x0 binaries/doprnt.o
 .note.GNU-stack
                0x0000000000000000        0x0 binaries/doscan.o
 .note.GNU-stack
                0x0000000000000000        0x0 binaries/fdoprnt.o
 .note.GNU-stack
                0x0000000000000000        0x0 binaries/fgetc.o
 .note.GNU-stack
                0x0000000000000000        0x0 binaries/fgets.o
 .note.GNU-stack
                0x0000000000000000        0x0 binaries/fprintf.o
 .note.GNU-stack
                0x0000000000000000        0x0 binaries/fputc.o
 .note.GNU-stack
                0x0000000000000000        0x0 binaries/fputs.o
 .note.GNU-stack
                0x0000000000000000        0x0 binaries/fscanf.o
 .note.GNU-stack
                0x0000000000000000        0x0 binaries/getchar.o
 .note.GNU-stack
                0x0000000000000000        0x0 binaries/labs.o
 .note.GNU-stack
                0x0000000000000000        0x0 binaries/memchr.o
 .note.GNU-stack
                0x0000000000000000        0x0 binaries/memcmp.o
 .note.GNU-stack
                0x0000000000000000        0x0 binaries/memcpy.o
 .note.GNU-stack
                0x0000000000000000        0x0 binaries/memset.o
 .note.GNU-stack
                0x0000000000000000        0x0 binaries/printf.o
 .note.GNU-stack
                0x0000000000000000        0x0 binaries/putchar.o
 .note.GNU-stack
                0x0000000000000000        0x0 binaries/qsort.o
 .note.GNU-stack
                0x0000000000000000        0x0 binaries/rand.o
 .note.GNU-stack
                0x0000000000000000        0x0 binaries/sprintf.o
 .note.GNU-stack
                0x0000000000000000        0x0 binaries/sscanf.o
 .note.GNU-stack
                0x0000000000000000        0x0 binaries/strchr.o
 .note.GNU-stack
                0x0000000000000000        0x0 binaries/strcmp.o
 .note.GNU-stack
                0x0000000000000000        0x0 binaries/strcpy.o
 .note.GNU-stack
                0x0000000000000000        0x0 binaries/strlen.o
 .note.GNU-stack
                0x0000000000000000        0x0 binaries/strncat.o
 .note.GNU-stack
                0x0000000000000000        0x0 binaries/strncmp.o
 .note.GNU-stack
                0x0000000000000000        0x0 binaries/strncpy.o
 .note.GNU-stack
                0x0000000000000000        0x0 binaries/strnlen.o
 .note.GNU-stack
                0x0000000000000000        0x0 binaries/strrchr.o
 .note.GNU-stack
                0x0000000000000000        0x0 binaries/strstr.o
 .note.GNU-stack
                0x0000000000000000        0x0 binaries/ttycontrol.o
 .note.GNU-stack
                0x0000000000000000        0x0 binaries/ttygetc.o
 .note.GNU-stack
                0x0000000000000000        0x0 binaries/ttyhandle_in.o
 .note.GNU-stack
                0x0000000000000000        0x0 binaries/ttyhandle_out.o
 .note.GNU-stack
                0x0000000000000000        0x0 binaries/ttyhandler.o
 .note.GNU-stack
                0x0000000000000000        0x0 binaries/ttyinit.o
 .note.GNU-stack
                0x0000000000000000        0x0 binaries/ttykickout.o
 .note.GNU-stack
                0x0000000000000000        0x0 binaries/ttyputc.o
 .note.GNU-stack
                0x0000000000000000        0x0 binaries/ttyread.o
 .note.GNU-stack
                0x0000000000000000        0x0 binaries/ttywrite.o
 .note.GNU-stack
                0x0000000000000000        0x0 binaries/mount.o
 .note.GNU-stack
                0x0000000000000000        0x0 binaries/naminit.o
 .note.GNU-stack
                0x0000000000000000        0x0 binaries/nammap.o
 .note.GNU-stack
                0x0000000000000000        0x0 binaries/namopen.o
 .note.GNU-stack
                0x0000000000000000        0x0 binaries/82545EMInit.o
 .note.GNU-stack
                0x0000000000000000        0x0 binaries/ethcontrol.o
 .note.GNU-stack
                0x0000000000000000        0x0 binaries/ethhandler.o
 .note.GNU-stack
                0x0000000000000000        0x0 binaries/ethinit.o
 .note.GNU-stack
                0x0000000000000000        0x0 binaries/ethread.o
 .note.GNU-stack
                0x0000000000000000        0x0 binaries/ethwrite.o
 .note.GNU-stack
                0x0000000000000000        0x0 binaries/rdsbufalloc.o
 .note.GNU-stack
                0x0000000000000000        0x0 binaries/rdsclose.o
 .note.GNU-stack
                0x0000000000000000        0x0 binaries/rdscomm.o
 .note.GNU-stack
                0x0000000000000000        0x0 binaries/rdscontrol.o
 .note.GNU-stack
                0x0000000000000000        0x0 binaries/rdsinit.o
 .note.GNU-stack
                0x0000000000000000        0x0 binaries/rdsopen.o
 .note.GNU-stack
                0x0000000000000000        0x0 binaries/rdsprocess.o
 .note.GNU-stack
                0x0000000000000000        0x0 binaries/rdsread.o
 .note.GNU-stack
                0x0000000000000000        0x0 binaries/rdswrite.o
 .note.GNU-stack
                0x0000000000000000        0x0 binaries/ramclose.o
 .note.GNU-stack
                0x0000000000000000        0x0 binaries/raminit.o
 .note.GNU-stack
                0x0000000000000000        0x0 binaries/ramopen.o
 .note.GNU-stack
                0x0000000000000000        0x0 binaries/ramread.o
 .note.GNU-stack
                0x0000000000000000        0x0 binaries/ramwrite.o
 .note.GNU-stack
                0x0000000000000000        0x0 binaries/lfdballoc.o
 .note.GNU-stack
                0x0000000000000000        0x0 binaries/lfdbfree.o
 .note.GNU-stack
                0x0000000000000000        0x0 binaries/lfflush.o
 .note.GNU-stack
                0x0000000000000000        0x0 binaries/lfgetmode.o
 .note.GNU-stack
                0x0000000000000000        0x0 binaries/lfiballoc.o
 .note.GNU-stack
                0x0000000000000000        0x0 binaries/lfibclear.o
 .note.GNU-stack
                0x0000000000000000        0x0 binaries/lfibget.o
 .note.GNU-stack
                0x0000000000000000        0x0 binaries/lfibput.o
 .note.GNU-stack
                0x0000000000000000        0x0 binaries/lflclose.o
 .note.GNU-stack
                0x0000000000000000        0x0 binaries/lflcontrol.o
 .note.GNU-stack
                0x0000000000000000        0x0 binaries/lflgetc.o
 .note.GNU-stack
                0x0000000000000000        0x0 binaries/lflinit.o
 .note.GNU-stack
                0x0000000000000000        0x0 binaries/lflputc.o
 .note.GNU-stack
                0x0000000000000000        0x0 binaries/lflread.o
 .note.GNU-stack
                0x0000000000000000        0x0 binaries/lflseek.o
 .note.GNU-stack
                0x0000000000000000        0x0 binaries/lflwrite.o
 .note.GNU-stack
                0x0000000000000000        0x0 binaries/lfscheck.o
 .note.GNU-stack
                0x0000000000000000        0x0 binaries/lfsckfmt.o
 .note.GNU-stack
                0x0000000000000000        0x0 binaries/lfscreate.o
 .note.GNU-stack
                0x0000000000000000        0x0 binaries/lfsetup.o
 .note.GNU-stack
                0x0000000000000000        0x0 binaries/lfsinit.o
 .note.GNU-stack
                0x0000000000000000        0x0 binaries/lfsopen.o
 .note.GNU-stack
                0x0000000000000000        0x0 binaries/lftruncate.o
 .note.GNU-stack
                0x0000000000000000        0x0 binaries/rflclose.o
 .note.GNU-stack
                0x0000000000000000        0x0 binaries/rflgetc.o
 .note.GNU-stack
                0x0000000000000000        0x0 binaries/rflinit.o
 .note.GNU-stack
                0x0000000000000000        0x0 binaries/rflputc.o
 .note.GNU-stack
                0x0000000000000000        0x0 binaries/rflread.o
 .note.GNU-stack
                0x0000000000000000        0x0 binaries/rflseek.o
 .note.GNU-stack
                0x0000000000000000        0x0 binaries/rflwrite.o
 .note.GNU-stack
                0x0000000000000000        0x0 binaries/rfscomm.o
 .note.GNU-stack
                0x0000000000000000        0x0 binaries/rfscontrol.o
 .note.GNU-stack
                0x0000000000000000        0x0 binaries/rfsgetmode.o
 .note.GNU-stack
                0x0000000000000000        0x0 binaries/rfsinit.o
 .note.GNU-stack
                0x0000000000000000        0x0 binaries/rfsndmsg.o
 .note.GNU-stack
                0x0000000000000000        0x0 binaries/rfsopen.o
 .note.GNU-stack
                0x0000000000000000        0x0 binaries/arp.o
 .note.GNU-stack
                0x0000000000000000        0x0 binaries/dhcp.o
 .note.GNU-stack
                0x0000000000000000        0x0 binaries/dns.o
 .note.GNU-stack
                0x0000000000000000        0x0 binaries/dot2ip.o
 .note.GNU-stack
                0x0000000000000000        0x0 binaries/hexdump.o
 .note.GNU-stack
                0x0000000000000000        0x0 binaries/icmp.o
 .note.GNU-stack
                0x0000000000000000        0x0 binaries/ip.o
 .note.GNU-stack
                0x0000000000000000        0x0 binaries/net.o
 .note.GNU-stack
                0x0000000000000000        0x0 binaries/pdump.o
 .note.GNU-stack
                0x0000000000000000        0x0 binaries/tftp.o
 .note.GNU-stack
                0x0000000000000000        0x0 binaries/udp.o
 .note.GNU-stack
                0x0000000000000000        0x0 binaries/addargs.o
 .note.GNU-stack
                0x0000000000000000        0x0 binaries/lexan.o
 .note.GNU-stack
                0x0000000000000000        0x0 binaries/shell.o
 .note.GNU-stack
                0x0000000000000000        0x0 binaries/xsh_argecho.o
 .note.GNU-stack
                0x0000000000000000        0x0 binaries/xsh_arp.o
 .note.GNU-stack
                0x0000000000000000        0x0 binaries/xsh_cat.o
 .note.GNU-stack
                0x0000000000000000        0x0 binaries/xsh_clear.o
 .note.GNU-stack
                0x0000000000000000        0x0 binaries/xsh_date.o
 .note.GNU-stack
                0x0000000000000000        0x0 binaries/xsh_devdump.o
 .note.GNU-stack
                0x0000000000000000        0x0 binaries/xsh_echo.o
 .note.GNU-stack
                0x0000000000000000        0x0 binaries/xsh_exit.o
 .note.GNU-stack
                0x0000000000000000        0x0 binaries/xsh_help.o
 .note.GNU-stack
                0x0000000000000000        0x0 binaries/xsh_kill.o
 .note.GNU-stack
                0x0000000000000000        0x0 binaries/xsh_memdump.o
 .note.GNU-stack
                0x0000000000000000        0x0 binaries/xsh_memstat.o
 .note.GNU-stack
                0x0000000000000000        0x0 binaries/xsh_netinfo.o
 .note.GNU-stack
                0x0000000000000000        0x0 binaries/xsh_ping.o
 .note.GNU-stack
                0x0000000000000000        0x0 binaries/xsh_ps.o
 .note.GNU-stack
                0x0000000000000000        0x0 binaries/xsh_sleep.o
 .note.GNU-stack
                0x0000000000000000        0x0 binaries/xsh_udpdump.o
 .note.GNU-stack
                0x0000000000000000        0x0 binaries/xsh_udpecho.o
 .note.GNU-stack
                0x0000000000000000        0x0 binaries/xsh_udpserver.o
 .note.GNU-stack
                0x0000000000000000        0x0 binaries/xsh_uptime.o
